6
12
11
12
7
9
2
3
13
11
7
4
15
6
9
10
12
11
11
14
7
8
13
7
7
11
5
11
9
17
11
13
15
4
7
6
14
13
11
10
6
13
12
7
9
9
10
10
2
7
0
5
7
10
11
10
13
6
10
11
10
9
9
11
8
12
7
11
11
16
16
3
8
6
7
9
11
14
9
7
7
11
23
9
9
14
13
11
12
16
12
9
9
10
15
13
10
