11
10
12
12
14
5
13
10
10
6
8
8
15
10
6
15
11
8
7
12
9
9
4
11
13
8
13
17
13
6
8
10
13
9
7
11
10
9
7
13
14
14
16
11
6
9
10
5
4
13
12
3
7
6
14
12
12
8
9
5
14
6
3
9
8
12
13
10
4
10
15
18
8
7
6
8
12
7
9
14
0
6
4
5
5
7
7
9
13
8
14
13
10
9
11
9
11
