2
11
12
7
7
11
7
9
12
3
4
10
8
1
6
5
2
10
10
8
12
1
11
7
6
7
10
4
7
6
8
9
1
7
5
5
12
3
11
13
9
9
3
12
9
12
11
8
9
11
15
8
7
6
5
13
17
7
3
11
12
4
13
7
8
5
6
1
7
5
4
11
7
9
14
6
6
2
4
4
5
15
12
3
0
7
6
11
3
7
5
11
5
7
7
11
14
9
7
3
