8
5
10
7
7
8
8
5
9
5
7
9
1
7
7
2
2
5
2
15
10
7
10
10
5
7
7
7
7
11
4
6
10
7
4
16
5
5
10
1
12
7
6
9
5
12
11
8
0
1
11
4
5
6
5
2
8
6
6
6
11
4
12
8
5
5
6
6
2
12
4
7
3
8
5
7
8
6
2
10
4
11
8
7
6
3
4
5
3
3
2
10
4
1
7
5
2
6
2
