13
9
17
16
14
12
18
8
15
6
17
10
11
11
11
15
15
14
15
11
8
13
10
16
7
0
20
8
8
11
13
2
8
14
11
12
8
12
9
21
7
15
10
11
14
8
12
19
17
14
9
14
16
6
8
13
17
9
20
16
10
7
12
9
5
13
22
14
9
15
6
14
10
11
15
5
10
4
5
13
11
16
15
19
7
12
21
12
12
11
11
14
10
19
7
14
14
14
14
5
