13
14
0
8
7
10
10
8
7
9
13
6
9
18
10
15
10
13
8
16
3
10
4
7
5
9
13
10
8
3
9
11
6
10
5
9
6
2
11
6
5
6
6
6
7
6
12
7
10
8
12
10
2
7
9
9
10
13
11
14
7
7
13
2
7
6
4
7
9
5
6
5
6
11
7
9
6
9
13
13
7
7
13
13
5
2
10
7
7
11
