8
11
10
6
14
10
10
14
12
11
9
11
11
15
12
11
10
7
9
10
9
4
14
12
7
9
6
8
10
10
6
6
11
12
8
19
10
6
16
10
13
5
10
16
9
4
4
10
11
6
5
15
13
9
10
5
13
5
12
2
15
13
8
10
9
8
11
8
14
12
8
14
17
12
15
0
7
13
3
9
11
10
9
4
11
8
12
5
8
11
7
7
11
8
7
3
11
11
7
13
